{"tuned": "gru", "sampler": "uniform", "lr": 0.001, "val_ap": 0.6100167597285377}
{"tuned": "gru", "sampler": "uniform", "lr": 0.003, "val_ap": 0.8473605174037991}
{"tuned": "gru", "sampler": "balanced", "lr": 0.001, "val_ap": 0.9677749585821181}
{"tuned": "gru", "sampler": "balanced", "lr": 0.003, "val_ap": 0.9999999999999999}
{"tuned": "gru_conv1", "sampler": "uniform", "lr": 0.001, "val_ap": 0.24537423984760764}
{"tuned": "gru_conv1", "sampler": "uniform", "lr": 0.003, "val_ap": 0.588986955877288}
{"tuned": "gru_conv1", "sampler": "balanced", "lr": 0.001, "val_ap": 0.868802389451188}
{"tuned": "gru_conv1", "sampler": "balanced", "lr": 0.003, "val_ap": 0.9999999999999999}
{"tuned": "gru_conv4", "sampler": "uniform", "lr": 0.001, "val_ap": 0.10935623306159001}
{"tuned": "gru_conv4", "sampler": "uniform", "lr": 0.003, "val_ap": 0.9984688036897182}
{"tuned": "gru_conv4", "sampler": "balanced", "lr": 0.001, "val_ap": 0.9899802115685319}
{"tuned": "gru_conv4", "sampler": "balanced", "lr": 0.003, "val_ap": 0.9999999999999999}
{"tuned": "mamba_conv4", "sampler": "uniform", "lr": 0.001, "val_ap": 0.8334445748805605}
{"tuned": "mamba_conv4", "sampler": "uniform", "lr": 0.003, "val_ap": 0.9909328280348924}
{"tuned": "mamba_conv4", "sampler": "balanced", "lr": 0.001, "val_ap": 0.8682933800589916}
{"tuned": "mamba_conv4", "sampler": "balanced", "lr": 0.003, "val_ap": 0.8331215396127802}
{"tuned": "mamba_conv1", "sampler": "uniform", "lr": 0.001, "val_ap": 0.5433275547108992}
{"tuned": "mamba_conv1", "sampler": "uniform", "lr": 0.003, "val_ap": 0.5528636418386303}
{"tuned": "mamba_conv1", "sampler": "balanced", "lr": 0.001, "val_ap": 0.516163556910056}
{"tuned": "mamba_conv1", "sampler": "balanced", "lr": 0.003, "val_ap": 0.5063060489842197}
{"completed": "gru_uniform_seed0", "ap": 0.9990940502385357, "query_ap": 0.9990940502385357, "positive_presentations": 167}
{"completed": "gru_balanced_seed0", "ap": 0.9996653392679262, "query_ap": 0.9996653392679263, "positive_presentations": 6400}
{"completed": "gru_conv1_uniform_seed0", "ap": 0.9952687898821625, "query_ap": 0.9952687898821625, "positive_presentations": 167}
{"completed": "gru_conv1_balanced_seed0", "ap": 0.998025184750034, "query_ap": 0.9981576272743395, "positive_presentations": 6400}
{"completed": "gru_conv4_uniform_seed0", "ap": 1.0, "query_ap": 1.0, "positive_presentations": 167}
{"completed": "gru_conv4_balanced_seed0", "ap": 0.9999977822723725, "query_ap": 0.9999977822723725, "positive_presentations": 6400}
{"completed": "mamba_conv4_uniform_seed0", "ap": 0.9154817463955511, "query_ap": 0.9525500203856526, "positive_presentations": 167}
{"completed": "mamba_conv4_balanced_seed0", "ap": 0.7382777309306141, "query_ap": 0.7382783079073945, "positive_presentations": 6400}
{"completed": "mamba_conv1_uniform_seed0", "ap": 0.5054980562217801, "query_ap": 0.5054980562217801, "positive_presentations": 167}
{"completed": "mamba_conv1_balanced_seed0", "ap": 0.5089290881301706, "query_ap": 0.5089290881301706, "positive_presentations": 6400}
{"completed": "gru_uniform_seed1", "ap": 0.9703672878492463, "query_ap": 0.9703714910991993, "positive_presentations": 116}
{"completed": "gru_balanced_seed1", "ap": 0.9999844624990257, "query_ap": 0.9999844624990257, "positive_presentations": 6400}
{"completed": "gru_conv1_uniform_seed1", "ap": 0.7860458204889996, "query_ap": 0.7860499679026179, "positive_presentations": 116}
{"completed": "gru_conv1_balanced_seed1", "ap": 0.9999977822723725, "query_ap": 0.9999977822723725, "positive_presentations": 6400}
{"completed": "gru_conv4_uniform_seed1", "ap": 0.9993558424401296, "query_ap": 0.9993558424401296, "positive_presentations": 116}
{"completed": "gru_conv4_balanced_seed1", "ap": 1.0, "query_ap": 1.0, "positive_presentations": 6400}
{"completed": "mamba_conv4_uniform_seed1", "ap": 0.9767632419933567, "query_ap": 0.9823624847703902, "positive_presentations": 116}
{"completed": "mamba_conv4_balanced_seed1", "ap": 0.9987133345506255, "query_ap": 0.9987133345506254, "positive_presentations": 6400}
{"completed": "mamba_conv1_uniform_seed1", "ap": 0.5134439689652159, "query_ap": 0.5163325177878049, "positive_presentations": 116}
{"completed": "mamba_conv1_balanced_seed1", "ap": 0.6873667814869479, "query_ap": 0.6875933569702712, "positive_presentations": 6400}
{"completed": "gru_uniform_seed2", "ap": 0.49928978067578184, "query_ap": 0.5039967876181177, "positive_presentations": 119}
{"completed": "gru_balanced_seed2", "ap": 0.9997834585225102, "query_ap": 0.99978345852251, "positive_presentations": 6400}
{"completed": "gru_conv1_uniform_seed2", "ap": 0.4968063586210182, "query_ap": 0.5059041558127947, "positive_presentations": 119}
{"completed": "gru_conv1_balanced_seed2", "ap": 0.9997155473577806, "query_ap": 0.9997155473577806, "positive_presentations": 6400}
{"completed": "gru_conv4_uniform_seed2", "ap": 0.9944158807202441, "query_ap": 0.9944500843541665, "positive_presentations": 119}
{"completed": "gru_conv4_balanced_seed2", "ap": 0.9997611672625608, "query_ap": 0.9997653712343392, "positive_presentations": 6400}
{"completed": "mamba_conv4_uniform_seed2", "ap": 0.8821919138636721, "query_ap": 0.922033586917134, "positive_presentations": 119}
{"completed": "mamba_conv4_balanced_seed2", "ap": 0.9971888496640834, "query_ap": 0.9985482443430966, "positive_presentations": 6400}
{"completed": "mamba_conv1_uniform_seed2", "ap": 0.4885080690983282, "query_ap": 0.4958963428776664, "positive_presentations": 119}
{"completed": "mamba_conv1_balanced_seed2", "ap": 0.5378524941974065, "query_ap": 0.5378524941974065, "positive_presentations": 6400}
{"completed": "gru_uniform_seed3", "ap": 0.9999955612396366, "query_ap": 0.9999955612396366, "positive_presentations": 137}
{"completed": "gru_balanced_seed3", "ap": 1.0, "query_ap": 1.0, "positive_presentations": 6400}
{"completed": "gru_conv1_uniform_seed3", "ap": 0.5680663566922295, "query_ap": 0.5686153802696754, "positive_presentations": 137}
{"completed": "gru_conv1_balanced_seed3", "ap": 0.9999955612396366, "query_ap": 0.9999955612396366, "positive_presentations": 6400}
{"completed": "gru_conv4_uniform_seed3", "ap": 0.9995964689293626, "query_ap": 0.9995964689293626, "positive_presentations": 137}
{"completed": "gru_conv4_balanced_seed3", "ap": 0.9999933665594998, "query_ap": 0.9999933665594998, "positive_presentations": 6400}
{"completed": "mamba_conv4_uniform_seed3", "ap": 0.9897231924620499, "query_ap": 0.9904069954468001, "positive_presentations": 137}
{"completed": "mamba_conv4_balanced_seed3", "ap": 0.9976571441548429, "query_ap": 0.9980639517367992, "positive_presentations": 6400}
{"completed": "mamba_conv1_uniform_seed3", "ap": 0.4289907990425894, "query_ap": 0.505782457049086, "positive_presentations": 137}
{"completed": "mamba_conv1_balanced_seed3", "ap": 0.594719697726827, "query_ap": 0.594719697726827, "positive_presentations": 6400}
{"completed": "gru_uniform_seed4", "ap": 0.6041499628861903, "query_ap": 0.6080304469325826, "positive_presentations": 94}
{"completed": "gru_balanced_seed4", "ap": 0.9999955711353173, "query_ap": 0.9999955711353173, "positive_presentations": 6400}
{"completed": "gru_conv1_uniform_seed4", "ap": 0.5016845150466515, "query_ap": 0.5102959591786798, "positive_presentations": 94}
{"completed": "gru_conv1_balanced_seed4", "ap": 0.9994098966963771, "query_ap": 0.9994482949982942, "positive_presentations": 6400}
{"completed": "gru_conv4_uniform_seed4", "ap": 0.8857097199627233, "query_ap": 0.8976981799398106, "positive_presentations": 94}
{"completed": "gru_conv4_balanced_seed4", "ap": 0.9991687083023953, "query_ap": 0.9992475661748467, "positive_presentations": 6400}
{"completed": "mamba_conv4_uniform_seed4", "ap": 0.872147553886044, "query_ap": 0.8879483255233773, "positive_presentations": 94}
{"completed": "mamba_conv4_balanced_seed4", "ap": 0.9458964395323836, "query_ap": 0.9535274165908213, "positive_presentations": 6400}
{"completed": "mamba_conv1_uniform_seed4", "ap": 0.5455887885373208, "query_ap": 0.5455887885373208, "positive_presentations": 94}
{"completed": "mamba_conv1_balanced_seed4", "ap": 0.7652214036305017, "query_ap": 0.7920000513556941, "positive_presentations": 6400}
{"completed": "gru_uniform_seed5", "ap": 0.5326195745477164, "query_ap": 0.5326195745477164, "positive_presentations": 102}
{"completed": "gru_balanced_seed5", "ap": 0.9998585983205953, "query_ap": 0.9998585983205953, "positive_presentations": 6400}
{"completed": "gru_conv1_uniform_seed5", "ap": 0.5154520449195183, "query_ap": 0.5154520449195185, "positive_presentations": 102}
{"completed": "gru_conv1_balanced_seed5", "ap": 0.9999080412702975, "query_ap": 0.9999080412702975, "positive_presentations": 6400}
{"completed": "gru_conv4_uniform_seed5", "ap": 0.9202073498903918, "query_ap": 0.9426913268288318, "positive_presentations": 102}
{"completed": "gru_conv4_balanced_seed5", "ap": 1.0, "query_ap": 1.0, "positive_presentations": 6400}
{"completed": "mamba_conv4_uniform_seed5", "ap": 0.8566752910712094, "query_ap": 0.8812889008632336, "positive_presentations": 102}
{"completed": "mamba_conv4_balanced_seed5", "ap": 0.8616843144019303, "query_ap": 0.8747498355057375, "positive_presentations": 6400}
{"completed": "mamba_conv1_uniform_seed5", "ap": 0.4972431355244535, "query_ap": 0.5051556051539672, "positive_presentations": 102}
{"completed": "mamba_conv1_balanced_seed5", "ap": 0.5165176626707904, "query_ap": 0.5165176626707904, "positive_presentations": 6400}
{"completed": "gru_uniform_seed6", "ap": 0.9950799432461434, "query_ap": 0.9950799432461434, "positive_presentations": 137}
{"completed": "gru_balanced_seed6", "ap": 0.9996345781700551, "query_ap": 0.999634578170055, "positive_presentations": 6400}
{"completed": "gru_conv1_uniform_seed6", "ap": 0.6271265703717314, "query_ap": 0.6271265703717314, "positive_presentations": 137}
{"completed": "gru_conv1_balanced_seed6", "ap": 1.0, "query_ap": 1.0, "positive_presentations": 6400}
{"completed": "gru_conv4_uniform_seed6", "ap": 0.996233276372791, "query_ap": 0.996233276372791, "positive_presentations": 137}
{"completed": "gru_conv4_balanced_seed6", "ap": 0.9999515992765827, "query_ap": 0.9999515992765828, "positive_presentations": 6400}
{"completed": "mamba_conv4_uniform_seed6", "ap": 0.9985783536121898, "query_ap": 0.998809257318083, "positive_presentations": 137}
{"completed": "mamba_conv4_balanced_seed6", "ap": 0.9779704806896438, "query_ap": 0.9869277401533901, "positive_presentations": 6400}
{"completed": "mamba_conv1_uniform_seed6", "ap": 0.5169582299273261, "query_ap": 0.5189431027693945, "positive_presentations": 137}
{"completed": "mamba_conv1_balanced_seed6", "ap": 0.4958090962003133, "query_ap": 0.49640208078324566, "positive_presentations": 6400}
{"completed": "gru_uniform_seed7", "ap": 0.560930029400084, "query_ap": 0.5679414636522404, "positive_presentations": 106}
{"completed": "gru_balanced_seed7", "ap": 0.9999800535244097, "query_ap": 0.9999800535244097, "positive_presentations": 6400}
{"completed": "gru_conv1_uniform_seed7", "ap": 0.522272418134126, "query_ap": 0.5229990665060672, "positive_presentations": 106}
{"completed": "gru_conv1_balanced_seed7", "ap": 0.9999933501025815, "query_ap": 0.9999933501025815, "positive_presentations": 6400}
{"completed": "gru_conv4_uniform_seed7", "ap": 0.9984890475232773, "query_ap": 0.9985418260588771, "positive_presentations": 106}
{"completed": "gru_conv4_balanced_seed7", "ap": 0.999835822155223, "query_ap": 0.999835822155223, "positive_presentations": 6400}
{"completed": "mamba_conv4_uniform_seed7", "ap": 0.9815037305119855, "query_ap": 0.9818524970878848, "positive_presentations": 106}
{"completed": "mamba_conv4_balanced_seed7", "ap": 0.9913798070561032, "query_ap": 0.9938691139651711, "positive_presentations": 6400}
{"completed": "mamba_conv1_uniform_seed7", "ap": 0.5244421468744256, "query_ap": 0.5244490690826971, "positive_presentations": 106}
{"completed": "mamba_conv1_balanced_seed7", "ap": 0.49764796018221397, "query_ap": 0.5095117947530019, "positive_presentations": 6400}
{"completed": "gru_uniform_seed8", "ap": 0.840626834304388, "query_ap": 0.840626834304388, "positive_presentations": 135}
{"completed": "gru_balanced_seed8", "ap": 1.0, "query_ap": 1.0, "positive_presentations": 6400}
{"completed": "gru_conv1_uniform_seed8", "ap": 0.4946692179744381, "query_ap": 0.4946692179744381, "positive_presentations": 135}
{"completed": "gru_conv1_balanced_seed8", "ap": 0.9999955711353173, "query_ap": 0.9999955711353173, "positive_presentations": 6400}
{"completed": "gru_conv4_uniform_seed8", "ap": 0.9981875050318489, "query_ap": 0.9982388295655434, "positive_presentations": 135}
{"completed": "gru_conv4_balanced_seed8", "ap": 1.0, "query_ap": 1.0, "positive_presentations": 6400}
{"completed": "mamba_conv4_uniform_seed8", "ap": 0.6860559520992422, "query_ap": 0.6879498408144542, "positive_presentations": 135}
{"completed": "mamba_conv4_balanced_seed8", "ap": 0.48688662987789444, "query_ap": 0.48691539032380937, "positive_presentations": 6400}
{"completed": "mamba_conv1_uniform_seed8", "ap": 0.5038592308629298, "query_ap": 0.5038644202573211, "positive_presentations": 135}
{"completed": "mamba_conv1_balanced_seed8", "ap": 0.5167868568317447, "query_ap": 0.5167868568317447, "positive_presentations": 6400}
{"completed": "gru_uniform_seed9", "ap": 0.9856951526670289, "query_ap": 0.9857309275027318, "positive_presentations": 114}
{"completed": "gru_balanced_seed9", "ap": 0.9993121108202754, "query_ap": 0.9993121108202755, "positive_presentations": 6400}
{"completed": "gru_conv1_uniform_seed9", "ap": 0.5091891324580138, "query_ap": 0.5091891324580138, "positive_presentations": 114}
{"completed": "gru_conv1_balanced_seed9", "ap": 0.9999646013231754, "query_ap": 0.9999646013231754, "positive_presentations": 6400}
{"completed": "gru_conv4_uniform_seed9", "ap": 0.9990790589474439, "query_ap": 0.9990849645319122, "positive_presentations": 114}
{"completed": "gru_conv4_balanced_seed9", "ap": 0.9999889474830228, "query_ap": 0.9999889474830229, "positive_presentations": 6400}
{"completed": "mamba_conv4_uniform_seed9", "ap": 0.9455076909785829, "query_ap": 0.9539193667001024, "positive_presentations": 114}
{"completed": "mamba_conv4_balanced_seed9", "ap": 0.9944703293804037, "query_ap": 0.9950514600209147, "positive_presentations": 6400}
{"completed": "mamba_conv1_uniform_seed9", "ap": 0.4900237858953107, "query_ap": 0.4997518136836598, "positive_presentations": 114}
{"completed": "mamba_conv1_balanced_seed9", "ap": 0.5308960984963239, "query_ap": 0.530896098496324, "positive_presentations": 6400}
