{"tuned": "p0.01_lag2_n64_mlp", "lr": 0.003, "val": [0.5259575014847933, 0.5288542254080446]}
{"completed": "p0.01_lag2_n64_mlp", "seed": 0, "ap": 0.45171186991915646, "query_ap": 0.45171186991915646, "sec": 1.331639499985613}
{"completed": "p0.01_lag2_n64_mlp", "seed": 1, "ap": 0.49356246609975146, "query_ap": 0.4935624660997515, "sec": 1.3760502000222914}
{"completed": "p0.01_lag2_n64_mlp", "seed": 2, "ap": 0.47592056656533993, "query_ap": 0.47592056656534, "sec": 1.2994517000042833}
{"completed": "p0.01_lag2_n64_mlp", "seed": 3, "ap": 0.49084312890510107, "query_ap": 0.49084312890510107, "sec": 1.3455230999970809}
{"completed": "p0.01_lag2_n64_mlp", "seed": 4, "ap": 0.4517549440832507, "query_ap": 0.4517549440832506, "sec": 1.3322900999919511}
{"tuned": "p0.01_lag2_n64_tcn", "lr": 0.003, "val": [0.9984688072793575, 0.9989157903336751]}
{"completed": "p0.01_lag2_n64_tcn", "seed": 0, "ap": 0.9720360050346966, "query_ap": 0.9764211620950987, "sec": 2.2527242000214756}
{"completed": "p0.01_lag2_n64_tcn", "seed": 1, "ap": 0.9941229029954549, "query_ap": 0.9941844690847225, "sec": 2.2833409000304528}
{"completed": "p0.01_lag2_n64_tcn", "seed": 2, "ap": 0.9979045867978125, "query_ap": 0.9981391110496727, "sec": 2.213348900026176}
{"completed": "p0.01_lag2_n64_tcn", "seed": 3, "ap": 0.9946114650883253, "query_ap": 0.9954448286683169, "sec": 2.3926759000169113}
{"completed": "p0.01_lag2_n64_tcn", "seed": 4, "ap": 0.9999002106796037, "query_ap": 0.9999110670283966, "sec": 2.2614033999852836}
{"tuned": "p0.01_lag2_n64_gru", "lr": 0.003, "val": [0.8855999925209089, 0.956255004886544]}
{"completed": "p0.01_lag2_n64_gru", "seed": 0, "ap": 0.9982475053090307, "query_ap": 0.998247505309031, "sec": 1.6181692000245675}
{"completed": "p0.01_lag2_n64_gru", "seed": 1, "ap": 0.9986630415490767, "query_ap": 0.9986835874537643, "sec": 1.607556399947498}
{"completed": "p0.01_lag2_n64_gru", "seed": 2, "ap": 0.9994993899649229, "query_ap": 0.9994993899649229, "sec": 1.542112700000871}
{"completed": "p0.01_lag2_n64_gru", "seed": 3, "ap": 0.9987815444968698, "query_ap": 0.9987815444968698, "sec": 1.6231891000061296}
{"completed": "p0.01_lag2_n64_gru", "seed": 4, "ap": 0.9933772073940214, "query_ap": 0.9934082255664629, "sec": 1.574060599959921}
{"tuned": "p0.01_lag2_n64_mamba", "lr": 0.003, "val": [0.888862376490916, 0.9519437809617531]}
{"completed": "p0.01_lag2_n64_mamba", "seed": 0, "ap": 0.8582574030222921, "query_ap": 0.9011395649053985, "sec": 8.113170599972364}
{"completed": "p0.01_lag2_n64_mamba", "seed": 1, "ap": 0.9645314960743591, "query_ap": 0.9704946740249991, "sec": 6.411703800025862}
{"completed": "p0.01_lag2_n64_mamba", "seed": 2, "ap": 0.9891052234192258, "query_ap": 0.9918069669632559, "sec": 6.790419799974188}
{"completed": "p0.01_lag2_n64_mamba", "seed": 3, "ap": 0.9281031099660548, "query_ap": 0.9531320491864129, "sec": 6.43600729998434}
{"completed": "p0.01_lag2_n64_mamba", "seed": 4, "ap": 0.9999999999999999, "query_ap": 0.9999999999999999, "sec": 6.176404400030151}
{"tuned": "p0.01_lag2_n256_mlp", "lr": 0.003, "val": [0.5291547458667485, 0.5293478621657934]}
{"completed": "p0.01_lag2_n256_mlp", "seed": 0, "ap": 0.4441571711757697, "query_ap": 0.44415717117576964, "sec": 1.226658200030215}
{"completed": "p0.01_lag2_n256_mlp", "seed": 1, "ap": 0.4948928040499344, "query_ap": 0.4948928040499344, "sec": 1.2104493000078946}
{"completed": "p0.01_lag2_n256_mlp", "seed": 2, "ap": 0.46667089406222145, "query_ap": 0.46667089406222145, "sec": 1.247984700021334}
{"completed": "p0.01_lag2_n256_mlp", "seed": 3, "ap": 0.4573713117108156, "query_ap": 0.4573713117108156, "sec": 1.2309539000270888}
{"completed": "p0.01_lag2_n256_mlp", "seed": 4, "ap": 0.474724366021273, "query_ap": 0.474724366021273, "sec": 1.250493000028655}
{"tuned": "p0.01_lag2_n256_tcn", "lr": 0.001, "val": [1.0, 1.0]}
{"completed": "p0.01_lag2_n256_tcn", "seed": 0, "ap": 0.9999666664197504, "query_ap": 0.9999666664197504, "sec": 2.2769782000104897}
{"completed": "p0.01_lag2_n256_tcn", "seed": 1, "ap": 1.0, "query_ap": 1.0, "sec": 2.1238180000218563}
{"completed": "p0.01_lag2_n256_tcn", "seed": 2, "ap": 1.0, "query_ap": 1.0000000000000002, "sec": 2.2007486000075005}
{"completed": "p0.01_lag2_n256_tcn", "seed": 3, "ap": 1.0, "query_ap": 1.0, "sec": 2.147757600003388}
{"completed": "p0.01_lag2_n256_tcn", "seed": 4, "ap": 0.9999999999999999, "query_ap": 1.0, "sec": 2.32492889999412}
{"tuned": "p0.01_lag2_n256_gru", "lr": 0.001, "val": [1.0, 0.9999616593819493]}
{"completed": "p0.01_lag2_n256_gru", "seed": 0, "ap": 0.9957424100345853, "query_ap": 0.9957424100345853, "sec": 1.4591270000091754}
{"completed": "p0.01_lag2_n256_gru", "seed": 1, "ap": 1.0, "query_ap": 1.0, "sec": 1.4529827000224032}
{"completed": "p0.01_lag2_n256_gru", "seed": 2, "ap": 0.9996919786271835, "query_ap": 0.9996919786271837, "sec": 1.4404612999642268}
{"completed": "p0.01_lag2_n256_gru", "seed": 3, "ap": 1.0, "query_ap": 1.0, "sec": 1.4746115999878384}
{"completed": "p0.01_lag2_n256_gru", "seed": 4, "ap": 0.9998021766214729, "query_ap": 0.999802176621473, "sec": 1.4980127000017092}
{"tuned": "p0.01_lag2_n256_mamba", "lr": 0.003, "val": [0.9980982134845586, 1.0]}
{"completed": "p0.01_lag2_n256_mamba", "seed": 0, "ap": 0.9998312236286919, "query_ap": 0.9999889258028793, "sec": 6.675882400013506}
{"completed": "p0.01_lag2_n256_mamba", "seed": 1, "ap": 1.0, "query_ap": 1.0, "sec": 6.969826299988199}
{"completed": "p0.01_lag2_n256_mamba", "seed": 2, "ap": 0.9999666664197504, "query_ap": 0.9999666664197504, "sec": 6.622806600003969}
{"completed": "p0.01_lag2_n256_mamba", "seed": 3, "ap": 0.9999889258028793, "query_ap": 0.9999889258028793, "sec": 7.582876700034831}
{"completed": "p0.01_lag2_n256_mamba", "seed": 4, "ap": 0.9999999999999999, "query_ap": 1.0, "sec": 7.63035419996595}
{"tuned": "p0.01_lag64_n64_mlp", "lr": 0.001, "val": [0.49914883383000064, 0.4943750073198929]}
{"completed": "p0.01_lag64_n64_mlp", "seed": 0, "ap": 0.5301440644235095, "query_ap": 0.5301513772516726, "sec": 1.3359804000356235}
{"completed": "p0.01_lag64_n64_mlp", "seed": 1, "ap": 0.5002506731253858, "query_ap": 0.500250673125386, "sec": 1.4900033000158146}
{"completed": "p0.01_lag64_n64_mlp", "seed": 2, "ap": 0.5439151890604415, "query_ap": 0.5439151890604415, "sec": 1.3802628999692388}
{"completed": "p0.01_lag64_n64_mlp", "seed": 3, "ap": 0.4752024755769073, "query_ap": 0.4756931642157069, "sec": 1.227294799988158}
{"completed": "p0.01_lag64_n64_mlp", "seed": 4, "ap": 0.5052844988459817, "query_ap": 0.5052844988459817, "sec": 1.2477790000266396}
{"tuned": "p0.01_lag64_n64_tcn", "lr": 0.001, "val": [0.46031601518816856, 0.398540918394675]}
{"completed": "p0.01_lag64_n64_tcn", "seed": 0, "ap": 0.4389318025459382, "query_ap": 0.5043544689192192, "sec": 2.0807875999598764}
{"completed": "p0.01_lag64_n64_tcn", "seed": 1, "ap": 0.39602956030550523, "query_ap": 0.49301101644568146, "sec": 2.1026121999602765}
{"completed": "p0.01_lag64_n64_tcn", "seed": 2, "ap": 0.5084614279849355, "query_ap": 0.5129276359665289, "sec": 2.1028024000115693}
{"completed": "p0.01_lag64_n64_tcn", "seed": 3, "ap": 0.45271029743437124, "query_ap": 0.5083546327461053, "sec": 2.0700214999960735}
{"completed": "p0.01_lag64_n64_tcn", "seed": 4, "ap": 0.4655613927936048, "query_ap": 0.48687431324161135, "sec": 2.192536199989263}
{"tuned": "p0.01_lag64_n64_gru", "lr": 0.003, "val": [0.5105045646862278, 0.5231437257517815]}
{"completed": "p0.01_lag64_n64_gru", "seed": 0, "ap": 0.5225108533491982, "query_ap": 0.5225108533491982, "sec": 1.4241202999837697}
{"completed": "p0.01_lag64_n64_gru", "seed": 1, "ap": 0.4946071764703603, "query_ap": 0.5052977381983956, "sec": 1.439414200023748}
{"completed": "p0.01_lag64_n64_gru", "seed": 2, "ap": 0.527769740940851, "query_ap": 0.5279225294585596, "sec": 1.4439098999719135}
{"completed": "p0.01_lag64_n64_gru", "seed": 3, "ap": 0.47895339258587544, "query_ap": 0.4815115991933808, "sec": 1.5078634999808855}
{"completed": "p0.01_lag64_n64_gru", "seed": 4, "ap": 0.47441570291952, "query_ap": 0.47441570291951995, "sec": 1.5070363000268117}
{"tuned": "p0.01_lag64_n64_mamba", "lr": 0.001, "val": [0.48773165853342576, 0.4265945214509661]}
{"completed": "p0.01_lag64_n64_mamba", "seed": 0, "ap": 0.5018491837781157, "query_ap": 0.5195472873045488, "sec": 6.3948378000059165}
{"completed": "p0.01_lag64_n64_mamba", "seed": 1, "ap": 0.47471663726079255, "query_ap": 0.4847183558902637, "sec": 6.153047599946149}
{"completed": "p0.01_lag64_n64_mamba", "seed": 2, "ap": 0.5496477587531474, "query_ap": 0.5611568348418987, "sec": 6.313606999989133}
{"completed": "p0.01_lag64_n64_mamba", "seed": 3, "ap": 0.41580884441311167, "query_ap": 0.4774813179701577, "sec": 6.483369200024754}
{"completed": "p0.01_lag64_n64_mamba", "seed": 4, "ap": 0.4860257185787605, "query_ap": 0.4928087879097489, "sec": 7.160374299972318}
{"tuned": "p0.01_lag64_n256_mlp", "lr": 0.003, "val": [0.509319247833989, 0.5371143269875812]}
{"completed": "p0.01_lag64_n256_mlp", "seed": 0, "ap": 0.546042291184008, "query_ap": 0.5460422911840082, "sec": 1.1170835999655537}
{"completed": "p0.01_lag64_n256_mlp", "seed": 1, "ap": 0.5505704370841211, "query_ap": 0.5505704370841211, "sec": 1.1328269999939948}
{"completed": "p0.01_lag64_n256_mlp", "seed": 2, "ap": 0.4960183532509015, "query_ap": 0.4960183532509016, "sec": 1.0627662000479177}
{"completed": "p0.01_lag64_n256_mlp", "seed": 3, "ap": 0.509309952659944, "query_ap": 0.509309952659944, "sec": 1.048075400001835}
{"completed": "p0.01_lag64_n256_mlp", "seed": 4, "ap": 0.5491976783044452, "query_ap": 0.5491976783044452, "sec": 1.0714344999869354}
{"tuned": "p0.01_lag64_n256_tcn", "lr": 0.003, "val": [0.535789620539562, 0.5723612588698409]}
{"completed": "p0.01_lag64_n256_tcn", "seed": 0, "ap": 0.48960693028166147, "query_ap": 0.5200519149709266, "sec": 2.3337045999942347}
{"completed": "p0.01_lag64_n256_tcn", "seed": 1, "ap": 0.5025143932841811, "query_ap": 0.5239873547852653, "sec": 2.1099166000494733}
{"completed": "p0.01_lag64_n256_tcn", "seed": 2, "ap": 0.494859485963423, "query_ap": 0.49485948596342294, "sec": 2.239564799994696}
{"completed": "p0.01_lag64_n256_tcn", "seed": 3, "ap": 0.5153981601406591, "query_ap": 0.5191057422099732, "sec": 2.2559902000357397}
{"completed": "p0.01_lag64_n256_tcn", "seed": 4, "ap": 0.5145543922092741, "query_ap": 0.5165128940298436, "sec": 2.470568200049456}
{"tuned": "p0.01_lag64_n256_gru", "lr": 0.001, "val": [0.4867103693220368, 0.46973787743176504]}
{"completed": "p0.01_lag64_n256_gru", "seed": 0, "ap": 0.5356727832342371, "query_ap": 0.5356727832342372, "sec": 1.635783400037326}
{"completed": "p0.01_lag64_n256_gru", "seed": 1, "ap": 0.5229397644320904, "query_ap": 0.5229397644320906, "sec": 1.456506700022146}
{"completed": "p0.01_lag64_n256_gru", "seed": 2, "ap": 0.5341145755383837, "query_ap": 0.5341145755383837, "sec": 1.4345435000141151}
{"completed": "p0.01_lag64_n256_gru", "seed": 3, "ap": 0.4954897978639357, "query_ap": 0.49548979786393577, "sec": 1.3944229999906383}
{"completed": "p0.01_lag64_n256_gru", "seed": 4, "ap": 0.5031259060527301, "query_ap": 0.5031259060527302, "sec": 1.4121108999825083}
{"tuned": "p0.01_lag64_n256_mamba", "lr": 0.001, "val": [0.5108082741296562, 0.5023784216255086]}
{"completed": "p0.01_lag64_n256_mamba", "seed": 0, "ap": 0.5130260057112914, "query_ap": 0.5130260057112914, "sec": 6.703914199955761}
{"completed": "p0.01_lag64_n256_mamba", "seed": 1, "ap": 0.5019515117350608, "query_ap": 0.5026040186997358, "sec": 6.427951799996663}
{"completed": "p0.01_lag64_n256_mamba", "seed": 2, "ap": 0.5002504980281239, "query_ap": 0.5005958803886936, "sec": 6.662187800044194}
{"completed": "p0.01_lag64_n256_mamba", "seed": 3, "ap": 0.4978955841528041, "query_ap": 0.49789558415280416, "sec": 6.053790200036019}
{"completed": "p0.01_lag64_n256_mamba", "seed": 4, "ap": 0.5331897169670005, "query_ap": 0.5331897169670005, "sec": 6.181420999986585}
{"tuned": "p0.2_lag2_n64_mlp", "lr": 0.001, "val": [0.499096143850921, 0.49888158863922055]}
{"completed": "p0.2_lag2_n64_mlp", "seed": 0, "ap": 0.5047207674355724, "query_ap": 0.5047207674355724, "sec": 1.3154858000343665}
{"completed": "p0.2_lag2_n64_mlp", "seed": 1, "ap": 0.5110148011159903, "query_ap": 0.5110148011159903, "sec": 1.2089956999989226}
{"completed": "p0.2_lag2_n64_mlp", "seed": 2, "ap": 0.5005030827468688, "query_ap": 0.5005030827468688, "sec": 1.2042548999888822}
{"completed": "p0.2_lag2_n64_mlp", "seed": 3, "ap": 0.5022325596889254, "query_ap": 0.5022325596889253, "sec": 1.191810499993153}
{"completed": "p0.2_lag2_n64_mlp", "seed": 4, "ap": 0.5035648982444334, "query_ap": 0.5035648982444334, "sec": 1.2505764999659732}
{"tuned": "p0.2_lag2_n64_tcn", "lr": 0.001, "val": [1.0, 0.9999989905095961]}
{"completed": "p0.2_lag2_n64_tcn", "seed": 0, "ap": 1.0, "query_ap": 1.0, "sec": 2.541299899981823}
{"completed": "p0.2_lag2_n64_tcn", "seed": 1, "ap": 1.0, "query_ap": 1.0, "sec": 2.0677998999599367}
{"completed": "p0.2_lag2_n64_tcn", "seed": 2, "ap": 1.0, "query_ap": 1.0, "sec": 2.002608100010548}
{"completed": "p0.2_lag2_n64_tcn", "seed": 3, "ap": 1.0, "query_ap": 1.0, "sec": 2.2743978000362404}
{"completed": "p0.2_lag2_n64_tcn", "seed": 4, "ap": 0.9999999090497887, "query_ap": 0.9999999090497887, "sec": 2.0543082000222057}
{"tuned": "p0.2_lag2_n64_gru", "lr": 0.001, "val": [1.0, 1.0]}
{"completed": "p0.2_lag2_n64_gru", "seed": 0, "ap": 0.9999993182639662, "query_ap": 0.9999993182639662, "sec": 1.4833249999792315}
{"completed": "p0.2_lag2_n64_gru", "seed": 1, "ap": 1.0, "query_ap": 1.0, "sec": 1.4796502999961376}
{"completed": "p0.2_lag2_n64_gru", "seed": 2, "ap": 1.0, "query_ap": 1.0, "sec": 1.4439134999993257}
{"completed": "p0.2_lag2_n64_gru", "seed": 3, "ap": 1.0, "query_ap": 1.0, "sec": 1.4622683000052348}
{"completed": "p0.2_lag2_n64_gru", "seed": 4, "ap": 1.0, "query_ap": 1.0, "sec": 1.4840172999538481}
{"tuned": "p0.2_lag2_n64_mamba", "lr": 0.001, "val": [1.0, 1.0]}
{"completed": "p0.2_lag2_n64_mamba", "seed": 0, "ap": 0.9999953794505905, "query_ap": 0.9999955141197209, "sec": 6.978001999959815}
{"completed": "p0.2_lag2_n64_mamba", "seed": 1, "ap": 0.9999996367364968, "query_ap": 0.9999997047798376, "sec": 6.684606900031213}
{"completed": "p0.2_lag2_n64_mamba", "seed": 2, "ap": 0.999999636606421, "query_ap": 0.9999997499947889, "sec": 6.734641599992756}
{"completed": "p0.2_lag2_n64_mamba", "seed": 3, "ap": 0.9999986613759675, "query_ap": 0.9999988650760142, "sec": 7.044432600028813}
{"completed": "p0.2_lag2_n64_mamba", "seed": 4, "ap": 0.9999999317924851, "query_ap": 0.9999999317924851, "sec": 6.642982900026254}
{"tuned": "p0.2_lag2_n256_mlp", "lr": 0.001, "val": [0.49796902480921684, 0.497000497758648]}
{"completed": "p0.2_lag2_n256_mlp", "seed": 0, "ap": 0.5047061985273055, "query_ap": 0.5047061985273055, "sec": 1.3109095999971032}
{"completed": "p0.2_lag2_n256_mlp", "seed": 1, "ap": 0.5009930281108934, "query_ap": 0.5009930281108934, "sec": 1.2636857000179589}
{"completed": "p0.2_lag2_n256_mlp", "seed": 2, "ap": 0.4987913248187631, "query_ap": 0.49879132481876315, "sec": 1.2792881000204943}
{"completed": "p0.2_lag2_n256_mlp", "seed": 3, "ap": 0.5021728762424714, "query_ap": 0.5021728762424715, "sec": 1.2802869000006467}
{"completed": "p0.2_lag2_n256_mlp", "seed": 4, "ap": 0.5121871501539044, "query_ap": 0.5121871501539045, "sec": 1.3207632999983616}
{"tuned": "p0.2_lag2_n256_tcn", "lr": 0.001, "val": [1.0, 1.0]}
{"completed": "p0.2_lag2_n256_tcn", "seed": 0, "ap": 1.0, "query_ap": 1.0, "sec": 2.0956260000239126}
{"completed": "p0.2_lag2_n256_tcn", "seed": 1, "ap": 1.0, "query_ap": 1.0, "sec": 2.1064746999763884}
{"completed": "p0.2_lag2_n256_tcn", "seed": 2, "ap": 0.9999999999999999, "query_ap": 1.0, "sec": 2.0607705999864265}
{"completed": "p0.2_lag2_n256_tcn", "seed": 3, "ap": 1.0, "query_ap": 0.9999999999999999, "sec": 2.2917561000213027}
{"completed": "p0.2_lag2_n256_tcn", "seed": 4, "ap": 1.0, "query_ap": 1.0, "sec": 2.1004246999509633}
{"tuned": "p0.2_lag2_n256_gru", "lr": 0.001, "val": [1.0, 1.0]}
{"completed": "p0.2_lag2_n256_gru", "seed": 0, "ap": 1.0, "query_ap": 1.0, "sec": 1.4755592999863438}
{"completed": "p0.2_lag2_n256_gru", "seed": 1, "ap": 1.0, "query_ap": 1.0, "sec": 1.6233857999905013}
{"completed": "p0.2_lag2_n256_gru", "seed": 2, "ap": 1.0, "query_ap": 1.0, "sec": 1.477939400007017}
{"completed": "p0.2_lag2_n256_gru", "seed": 3, "ap": 1.0, "query_ap": 1.0, "sec": 1.4965219000005163}
{"completed": "p0.2_lag2_n256_gru", "seed": 4, "ap": 1.0, "query_ap": 1.0, "sec": 1.5853023999952711}
{"tuned": "p0.2_lag2_n256_mamba", "lr": 0.001, "val": [1.0, 1.0]}
{"completed": "p0.2_lag2_n256_mamba", "seed": 0, "ap": 0.9999999545420328, "query_ap": 0.9999999545420328, "sec": 7.043664400000125}
{"completed": "p0.2_lag2_n256_mamba", "seed": 1, "ap": 1.0, "query_ap": 1.0, "sec": 6.755419599998277}
{"completed": "p0.2_lag2_n256_mamba", "seed": 2, "ap": 1.0, "query_ap": 1.0, "sec": 7.1938785999664105}
{"completed": "p0.2_lag2_n256_mamba", "seed": 3, "ap": 1.0, "query_ap": 1.0, "sec": 6.768233600014355}
{"completed": "p0.2_lag2_n256_mamba", "seed": 4, "ap": 1.0, "query_ap": 1.0, "sec": 6.858079899975564}
{"tuned": "p0.2_lag64_n64_mlp", "lr": 0.001, "val": [0.5031484549104129, 0.49996976490642236]}
{"completed": "p0.2_lag64_n64_mlp", "seed": 0, "ap": 0.503344226556379, "query_ap": 0.503344226556379, "sec": 1.2684091000119224}
{"completed": "p0.2_lag64_n64_mlp", "seed": 1, "ap": 0.5032068254366541, "query_ap": 0.503206825436654, "sec": 1.2536003999994136}
{"completed": "p0.2_lag64_n64_mlp", "seed": 2, "ap": 0.5037160109591037, "query_ap": 0.5037160109591037, "sec": 1.2421025999938138}
{"completed": "p0.2_lag64_n64_mlp", "seed": 3, "ap": 0.5002977011856206, "query_ap": 0.5002977011856206, "sec": 1.2593368000234477}
{"completed": "p0.2_lag64_n64_mlp", "seed": 4, "ap": 0.5130823547982364, "query_ap": 0.5130823547982364, "sec": 1.2598187000257894}
{"tuned": "p0.2_lag64_n64_tcn", "lr": 0.001, "val": [0.5069408886388322, 0.5027882459055374]}
{"completed": "p0.2_lag64_n64_tcn", "seed": 0, "ap": 0.49713108110556165, "query_ap": 0.4971824664361722, "sec": 1.9814059999771416}
{"completed": "p0.2_lag64_n64_tcn", "seed": 1, "ap": 0.5037820732023719, "query_ap": 0.5038151606862085, "sec": 1.9911242999951355}
{"completed": "p0.2_lag64_n64_tcn", "seed": 2, "ap": 0.4989416865585528, "query_ap": 0.5000704941433446, "sec": 1.9841040999745019}
{"completed": "p0.2_lag64_n64_tcn", "seed": 3, "ap": 0.4966878701109207, "query_ap": 0.49759587412967177, "sec": 1.9620025000185706}
{"completed": "p0.2_lag64_n64_tcn", "seed": 4, "ap": 0.5038712068369167, "query_ap": 0.5039014992893959, "sec": 1.995881799957715}
{"tuned": "p0.2_lag64_n64_gru", "lr": 0.001, "val": [0.5079091577767195, 0.5076017569712976]}
{"completed": "p0.2_lag64_n64_gru", "seed": 0, "ap": 0.5025246664037184, "query_ap": 0.5025246664037184, "sec": 1.7039075000211596}
{"completed": "p0.2_lag64_n64_gru", "seed": 1, "ap": 0.5002659065191726, "query_ap": 0.5002659065191726, "sec": 1.494698399968911}
{"completed": "p0.2_lag64_n64_gru", "seed": 2, "ap": 0.5014070807446686, "query_ap": 0.5014070807446686, "sec": 1.403353200003039}
{"completed": "p0.2_lag64_n64_gru", "seed": 3, "ap": 0.5046733384969614, "query_ap": 0.5046733384969614, "sec": 1.3980635000043549}
{"completed": "p0.2_lag64_n64_gru", "seed": 4, "ap": 0.5053196766057844, "query_ap": 0.5053196766057844, "sec": 1.3965889000101015}
{"tuned": "p0.2_lag64_n64_mamba", "lr": 0.001, "val": [0.5072996271961645, 0.5022312485933454]}
{"completed": "p0.2_lag64_n64_mamba", "seed": 0, "ap": 0.5008105002818325, "query_ap": 0.5008105233381417, "sec": 6.189484599977732}
{"completed": "p0.2_lag64_n64_mamba", "seed": 1, "ap": 0.49264222079109976, "query_ap": 0.4926487715005302, "sec": 6.556835099996533}
{"completed": "p0.2_lag64_n64_mamba", "seed": 2, "ap": 0.49792008273523813, "query_ap": 0.4999011392868761, "sec": 6.122638300003018}
{"completed": "p0.2_lag64_n64_mamba", "seed": 3, "ap": 0.508833844838738, "query_ap": 0.5092347074970878, "sec": 6.439306400017813}
{"completed": "p0.2_lag64_n64_mamba", "seed": 4, "ap": 0.5062844677980924, "query_ap": 0.5066965885494124, "sec": 6.032047799963038}
{"tuned": "p0.2_lag64_n256_mlp", "lr": 0.001, "val": [0.5161262287490165, 0.508598635879935]}
{"completed": "p0.2_lag64_n256_mlp", "seed": 0, "ap": 0.5069264996192129, "query_ap": 0.506926499619213, "sec": 1.2224150000256486}
{"completed": "p0.2_lag64_n256_mlp", "seed": 1, "ap": 0.5118951864679537, "query_ap": 0.5118951864679537, "sec": 1.2150181999895722}
{"completed": "p0.2_lag64_n256_mlp", "seed": 2, "ap": 0.5069279577287518, "query_ap": 0.5069279577287518, "sec": 1.2182128999847919}
{"completed": "p0.2_lag64_n256_mlp", "seed": 3, "ap": 0.5087134860159563, "query_ap": 0.5087134860159563, "sec": 1.3443930000066757}
{"completed": "p0.2_lag64_n256_mlp", "seed": 4, "ap": 0.5086356921068582, "query_ap": 0.5086356921068582, "sec": 1.3765930000226945}
{"tuned": "p0.2_lag64_n256_tcn", "lr": 0.001, "val": [0.5139433942744007, 0.5111222490920966]}
{"completed": "p0.2_lag64_n256_tcn", "seed": 0, "ap": 0.5012331318728441, "query_ap": 0.5012348127307955, "sec": 2.239140200021211}
{"completed": "p0.2_lag64_n256_tcn", "seed": 1, "ap": 0.5101858478586248, "query_ap": 0.5102170343299488, "sec": 2.0231162999989465}
{"completed": "p0.2_lag64_n256_tcn", "seed": 2, "ap": 0.5032629359863051, "query_ap": 0.5032629359863051, "sec": 2.226275800028816}
{"completed": "p0.2_lag64_n256_tcn", "seed": 3, "ap": 0.49906832215976216, "query_ap": 0.4990683221597621, "sec": 2.0848148000077344}
{"completed": "p0.2_lag64_n256_tcn", "seed": 4, "ap": 0.5058572919501503, "query_ap": 0.5058575455962596, "sec": 2.029775900009554}
{"tuned": "p0.2_lag64_n256_gru", "lr": 0.003, "val": [0.5063980498915718, 0.5178029639746473]}
{"completed": "p0.2_lag64_n256_gru", "seed": 0, "ap": 0.5089958836764279, "query_ap": 0.5089958836764279, "sec": 1.641708200040739}
{"completed": "p0.2_lag64_n256_gru", "seed": 1, "ap": 0.5055394736738505, "query_ap": 0.5055394736738505, "sec": 1.4501633000327274}
{"completed": "p0.2_lag64_n256_gru", "seed": 2, "ap": 0.5007224056972963, "query_ap": 0.5007224056972963, "sec": 1.7309236000292003}
{"completed": "p0.2_lag64_n256_gru", "seed": 3, "ap": 0.50434449352334, "query_ap": 0.50434449352334, "sec": 1.4912030000123195}
{"completed": "p0.2_lag64_n256_gru", "seed": 4, "ap": 0.4916968617350189, "query_ap": 0.4916968617350189, "sec": 1.509177699976135}
{"tuned": "p0.2_lag64_n256_mamba", "lr": 0.001, "val": [0.5064615626683107, 0.5053496000003842]}
{"completed": "p0.2_lag64_n256_mamba", "seed": 0, "ap": 0.5054354695056479, "query_ap": 0.5054360225423731, "sec": 6.379192200023681}
{"completed": "p0.2_lag64_n256_mamba", "seed": 1, "ap": 0.49946417317162883, "query_ap": 0.49946417317162883, "sec": 6.551799100008793}
{"completed": "p0.2_lag64_n256_mamba", "seed": 2, "ap": 0.5092188739205111, "query_ap": 0.509218873920511, "sec": 6.403060299984645}
{"completed": "p0.2_lag64_n256_mamba", "seed": 3, "ap": 0.5050219846352013, "query_ap": 0.5050219846352013, "sec": 6.330180599994492}
{"completed": "p0.2_lag64_n256_mamba", "seed": 4, "ap": 0.4976061360487434, "query_ap": 0.49763576469371024, "sec": 6.3825820999918506}
